// Jest Snapshot v1, https://goo.gl/fbAQLP

exports[`<BreadCrumbMainCat /> matches snapshot 1`] = `
<div>
  <img
    alt=""
    className="sc-bdVaJa kKjsMb"
    src="shelter.png"
  />
  <p
    className="sc-bwzfXH kmzsan"
  >
    SHELTER
  </p>
</div>
`;
