// Jest Snapshot v1, https://goo.gl/fbAQLP

exports[`<LandingSearchBar /> matches snapshot 1`] = `
<div>
  Loading...
</div>
`;
